
> app@0.1.0 build
> next build

Ôû▓ Next.js 16.1.1 (Turbopack)

  Creating an optimized production build ...
node.exe : Error: 
Cannot apply unknown 
utility class 
`border-border`. Are 
you using CSS modules 
or similar and 
missing `@reference`? 
https://tailwindcss.co
m/docs/functions-and-d
irectives#reference-di
rective
No linha:1 caractere:1
+ & "C:\Program Files\
nodejs/node.exe" "C:\U
sers\selmo\AppData\Roa
ming\ ...
+ ~~~~~~~~~~~~~~~~~~~~
~~~~~~~~~~~~~~~~~~~~~~
~~~~~~~~~~~~~~~~~~~~~~
~~~~~
    + CategoryInfo    
          : NotSpeci  
  fied: (Error: Can   
 not a...rence-dir    
ective:String) []    
, RemoteException
    + FullyQualifiedE 
   rrorId : NativeCo  
  mmandError
 
    [2m[at 
onInvalidCandidate (C:
\Users\selmo\Documents
\Projetos\Miltonsbarbe
r\node_modules\tailwin
dcss\dist\lib.js:21:13
14)][0m
    [2m[at Te (C:\Use
rs\selmo\Documents\Pro
jetos\Miltonsbarber\no
de_modules\tailwindcss
\dist\lib.js:16:36652)
][0m
    [2m[at C:\Users\s
elmo\Documents\Projeto
s\Miltonsbarber\node_m
odules\tailwindcss\dis
t\lib.js:21:355][0m
    [2m[at Rr (C:\Use
rs\selmo\Documents\Pro
jetos\Miltonsbarber\no
de_modules\tailwindcss
\dist\lib.js:3:1718)]
[0m
    [2m[at _ (C:\User
s\selmo\Documents\Proj
etos\Miltonsbarber\nod
e_modules\tailwindcss\
dist\lib.js:3:1377)][
0m
    [2m[at $e (C:\Use
rs\selmo\Documents\Pro
jetos\Miltonsbarber\no
de_modules\tailwindcss
\dist\lib.js:21:172)]
[0m
    [2m[at un (C:\Use
rs\selmo\Documents\Pro
jetos\Miltonsbarber\no
de_modules\tailwindcss
\dist\lib.js:38:294)]
[0m
    [2m[at process.pr
ocessTicksAndRejection
s (node:internal/proce
ss/task_queues:105:5)]
[0m
    [2m[at async cn (
C:\Users\selmo\Documen
ts\Projetos\Miltonsbar
ber\node_modules\tailw
indcss\dist\lib.js:38:
631)][0m
    [2m[at async Xr (
C:\Users\selmo\Documen
ts\Projetos\Miltonsbar
ber\node_modules\@tail
windcss\node\dist\inde
x.js:10:3417)][0m

> Build error occurred
Error: Turbopack 
build failed with 1 
errors:
./app/globals.css
Error evaluating 
Node.js code
CssSyntaxError: 
tailwindcss: C:\Users\
selmo\Documents\Projet
os\Miltonsbarber\app\g
lobals.css:1:1: 
Cannot apply unknown 
utility class 
`border-border`. Are 
you using CSS modules 
or similar and 
missing `@reference`? 
https://tailwindcss.co
m/docs/functions-and-d
irectives#reference-di
rective
    at Input.error (no
de_modules/postcss/lib
/input.js:135:16) [C:\
Users\selmo\Documents\
Projetos\Miltonsbarber
\.next\build\chunks\no
de_modules_fe693df6._.
js:4651:22]
    at Root.error (nod
e_modules/postcss/lib/
node.js:146:32) [C:\Us
ers\selmo\Documents\Pr
ojetos\Miltonsbarber\.
next\build\chunks\node
_modules_fe693df6._.js
:928:38]
    [at Object.Once (C
:\Users\selmo\Document
s\Projetos\Miltonsbarb
er\node_modules\@tailw
indcss\postcss\dist\in
dex.js:10:6911)]
    [at process.proces
sTicksAndRejections (n
ode:internal/process/t
ask_queues:105:5)]
    at async 
LazyResult.runAsync (n
ode_modules/postcss/li
b/lazy-result.js:293:1
1) [C:\Users\selmo\Doc
uments\Projetos\Milton
sbarber\.next\build\ch
unks\node_modules_fe69
3df6._.js:6206:21]
    at async 
transform (turbopack:/
//[turbopack-node]/tra
nsforms/postcss.ts:70:
34) [C:\Users\selmo\Do
cuments\Projetos\Milto
nsbarber\.next\build\c
hunks\[root-of-the-ser
ver]__51225daf._.js:14
6:36]
    at async run (turb
opack:///[turbopack-no
de]/ipc/evaluate.ts:92
:23) [C:\Users\selmo\D
ocuments\Projetos\Milt
onsbarber\.next\build\
chunks\[root-of-the-se
rver]__974941ed._.js:4
43:31]

Import trace:
  Client Component 
Browser:
    ./app/globals.css 
[Client Component 
Browser]
    ./app/layout.tsx 
[Server Component]


    at async 
transform (turbopack:/
//[turbopack-node]/tra
nsforms/postcss.ts:70:
34) [C:\Users\selmo\Do
cuments\Projetos\Milto
nsbarber\.next\build\c
hunks\[root-of-the-ser
ver]__51225daf._.js:14
6:36])
    at async run (turb
opack:///[turbopack-no
de]/ipc/evaluate.ts:92
:23) [C:\Users\selmo\D
ocuments\Projetos\Milt
onsbarber\.next\build\
chunks\[root-of-the-se
rver]__974941ed._.js:4
43:31])
